
> inventory-system-backend@1.0.0 dev
> nodemon src/index.js

[33m[nodemon] 3.1.11[39m
[33m[nodemon] to restart at any time, enter `rs`[39m
[33m[nodemon] watching path(s): *.*[39m
[33m[nodemon] watching extensions: js,mjs,cjs,json[39m
[32m[nodemon] starting `node src/index.js`[39m
MongoDB connection attempt 1/5...
Server running on port 5005
✓ MongoDB Connected: ac-bwgehtj-shard-00-01.ylagdft.mongodb.net
[32m[nodemon] restarting due to changes...[39m
[32m[nodemon] starting `node src/index.js`[39m
MongoDB connection attempt 1/5...
Server running on port 5005
✓ MongoDB Connected: ac-bwgehtj-shard-00-01.ylagdft.mongodb.net
[32m[nodemon] restarting due to changes...[39m
[32m[nodemon] starting `node src/index.js`[39m
MongoDB connection attempt 1/5...
Server running on port 5005
✓ MongoDB Connected: ac-bwgehtj-shard-00-02.ylagdft.mongodb.net
[32m[nodemon] restarting due to changes...[39m
[32m[nodemon] starting `node src/index.js`[39m
MongoDB connection attempt 1/5...
Server running on port 5005
✓ MongoDB Connected: ac-bwgehtj-shard-00-00.ylagdft.mongodb.net
[32m[nodemon] restarting due to changes...[39m
[32m[nodemon] starting `node src/index.js`[39m
MongoDB connection attempt 1/5...
Server running on port 5005
✓ MongoDB Connected: ac-bwgehtj-shard-00-02.ylagdft.mongodb.net
[32m[nodemon] restarting due to changes...[39m
[32m[nodemon] starting `node src/index.js`[39m
MongoDB connection attempt 1/5...
Server running on port 5005
✓ MongoDB Connected: ac-bwgehtj-shard-00-02.ylagdft.mongodb.net
[32m[nodemon] restarting due to changes...[39m
[32m[nodemon] starting `node src/index.js`[39m
MongoDB connection attempt 1/5...
Server running on port 5005
✓ MongoDB Connected: ac-bwgehtj-shard-00-02.ylagdft.mongodb.net
[32m[nodemon] restarting due to changes...[39m
[32m[nodemon] starting `node src/index.js`[39m
MongoDB connection attempt 1/5...
Server running on port 5005
✓ MongoDB Connected: ac-bwgehtj-shard-00-01.ylagdft.mongodb.net
[32m[nodemon] restarting due to changes...[39m
[32m[nodemon] starting `node src/index.js`[39m
MongoDB connection attempt 1/5...
Server running on port 5005
✓ MongoDB Connected: ac-bwgehtj-shard-00-00.ylagdft.mongodb.net
[32m[nodemon] restarting due to changes...[39m
[32m[nodemon] starting `node src/index.js`[39m
MongoDB connection attempt 1/5...
Server running on port 5005
✓ MongoDB Connected: ac-bwgehtj-shard-00-01.ylagdft.mongodb.net
[32m[nodemon] restarting due to changes...[39m
[32m[nodemon] starting `node src/index.js`[39m
MongoDB connection attempt 1/5...
Server running on port 5005
✓ MongoDB Connected: ac-bwgehtj-shard-00-01.ylagdft.mongodb.net
Error: {
  message: 'Warehouse is required to record vendor payments',
  statusCode: 400,
  path: '/api/vendors/6a0c6909a596481633f23992/payments',
  method: 'POST',
  stack: 'Error: Warehouse is required to record vendor payments\n' +
    '    at G:\\warehouse\\inventory-management-system\\Backend\\src\\controllers\\vendorController.js:131:15\n' +
    '    at G:\\warehouse\\inventory-management-system\\Backend\\src\\middleware\\asyncHandler.js:2:21\n' +
    '    at Layer.handle [as handle_request] (G:\\warehouse\\inventory-management-system\\Backend\\node_modules\\express\\lib\\router\\layer.js:95:5)\n' +
    '    at next (G:\\warehouse\\inventory-management-system\\Backend\\node_modules\\express\\lib\\router\\route.js:149:13)\n' +
    '    at G:\\warehouse\\inventory-management-system\\Backend\\src\\middleware\\authMiddleware.js:29:13\n' +
    '    at process.processTicksAndRejections (node:internal/process/task_queues:103:5)'
}
Error: {
  message: 'Category not found',
  statusCode: 404,
  path: '/api/categories/6a1d38122fb88da9ee1dbe9c',
  method: 'DELETE',
  stack: 'Error: Category not found\n' +
    '    at G:\\warehouse\\inventory-management-system\\Backend\\src\\controllers\\categoryController.js:93:15\n' +
    '    at process.processTicksAndRejections (node:internal/process/task_queues:103:5)'
}
MongoServerSelectionError: getaddrinfo ENOTFOUND ac-bwgehtj-shard-00-01.ylagdft.mongodb.net
    at Topology.selectServer (G:\warehouse\inventory-management-system\Backend\node_modules\mongodb\lib\sdam\topology.js:327:38)
    at async tryOperation (G:\warehouse\inventory-management-system\Backend\node_modules\mongodb\lib\operations\execute_operation.js:196:22)
    at async executeOperation (G:\warehouse\inventory-management-system\Backend\node_modules\mongodb\lib\operations\execute_operation.js:78:16)
    at async FindCursor._initialize (G:\warehouse\inventory-management-system\Backend\node_modules\mongodb\lib\cursor\find_cursor.js:62:26)
    at async FindCursor.cursorInit (G:\warehouse\inventory-management-system\Backend\node_modules\mongodb\lib\cursor\abstract_cursor.js:632:27)
    at async FindCursor.fetchBatch (G:\warehouse\inventory-management-system\Backend\node_modules\mongodb\lib\cursor\abstract_cursor.js:666:13)
    at async FindCursor.next (G:\warehouse\inventory-management-system\Backend\node_modules\mongodb\lib\cursor\abstract_cursor.js:342:17)
    at async Collection.findOne (G:\warehouse\inventory-management-system\Backend\node_modules\mongodb\lib\collection.js:313:24)
    at async model.Query._findOne (G:\warehouse\inventory-management-system\Backend\node_modules\mongoose\lib\query.js:2710:15)
    at async model.Query.exec (G:\warehouse\inventory-management-system\Backend\node_modules\mongoose\lib\query.js:4627:63) {
  errorLabelSet: Set(0) {},
  reason: TopologyDescription {
    type: 'ReplicaSetNoPrimary',
    servers: Map(3) {
      'ac-bwgehtj-shard-00-01.ylagdft.mongodb.net:27017' => [ServerDescription],
      'ac-bwgehtj-shard-00-02.ylagdft.mongodb.net:27017' => [ServerDescription],
      'ac-bwgehtj-shard-00-00.ylagdft.mongodb.net:27017' => [ServerDescription]
    },
    stale: false,
    compatible: true,
    heartbeatFrequencyMS: 10000,
    localThresholdMS: 15,
    setName: 'atlas-42at7n-shard-0',
    maxElectionId: new ObjectId('7fffffff0000000000000204'),
    maxSetVersion: 154,
    commonWireVersion: 0,
    logicalSessionTimeoutMinutes: 30
  },
  code: undefined,
  [cause]: MongoNetworkError: getaddrinfo ENOTFOUND ac-bwgehtj-shard-00-01.ylagdft.mongodb.net
      at TLSSocket.<anonymous> (G:\warehouse\inventory-management-system\Backend\node_modules\mongodb\lib\cmap\connect.js:286:44)
      at Object.onceWrapper (node:events:623:26)
      at TLSSocket.emit (node:events:508:28)
      at emitErrorNT (node:internal/streams/destroy:170:8)
      at emitErrorCloseNT (node:internal/streams/destroy:129:3)
      at process.processTicksAndRejections (node:internal/process/task_queues:89:21) {
    errorLabelSet: Set(1) { 'ResetPool' },
    beforeHandshake: false,
    [cause]: Error: getaddrinfo ENOTFOUND ac-bwgehtj-shard-00-01.ylagdft.mongodb.net
        at GetAddrInfoReqWrap.onlookup [as oncomplete] (node:dns:111:26) {
      errno: -3008,
      code: 'ENOTFOUND',
      syscall: 'getaddrinfo',
      hostname: 'ac-bwgehtj-shard-00-01.ylagdft.mongodb.net'
    }
  }
}
Error: {
  message: 'Not authorized, error verifying user: getaddrinfo ENOTFOUND ac-bwgehtj-shard-00-01.ylagdft.mongodb.net',
  statusCode: 401,
  path: '/api/products',
  method: 'GET',
  stack: 'Error: Not authorized, error verifying user: getaddrinfo ENOTFOUND ac-bwgehtj-shard-00-01.ylagdft.mongodb.net\n' +
    '    at G:\\warehouse\\inventory-management-system\\Backend\\src\\middleware\\authMiddleware.js:38:19\n' +
    '    at process.processTicksAndRejections (node:internal/process/task_queues:103:5)'
}
MongoServerSelectionError: getaddrinfo ENOTFOUND ac-bwgehtj-shard-00-01.ylagdft.mongodb.net
    at Topology.selectServer (G:\warehouse\inventory-management-system\Backend\node_modules\mongodb\lib\sdam\topology.js:327:38)
    at runNextTicks (node:internal/process/task_queues:64:5)
    at process.processTimers (node:internal/timers:538:9)
    at async tryOperation (G:\warehouse\inventory-management-system\Backend\node_modules\mongodb\lib\operations\execute_operation.js:196:22)
    at async executeOperation (G:\warehouse\inventory-management-system\Backend\node_modules\mongodb\lib\operations\execute_operation.js:78:16)
    at async FindCursor._initialize (G:\warehouse\inventory-management-system\Backend\node_modules\mongodb\lib\cursor\find_cursor.js:62:26)
    at async FindCursor.cursorInit (G:\warehouse\inventory-management-system\Backend\node_modules\mongodb\lib\cursor\abstract_cursor.js:632:27)
    at async FindCursor.fetchBatch (G:\warehouse\inventory-management-system\Backend\node_modules\mongodb\lib\cursor\abstract_cursor.js:666:13)
    at async FindCursor.next (G:\warehouse\inventory-management-system\Backend\node_modules\mongodb\lib\cursor\abstract_cursor.js:342:17)
    at async Collection.findOne (G:\warehouse\inventory-management-system\Backend\node_modules\mongodb\lib\collection.js:313:24) {
  errorLabelSet: Set(0) {},
  reason: TopologyDescription {
    type: 'ReplicaSetNoPrimary',
    servers: Map(3) {
      'ac-bwgehtj-shard-00-01.ylagdft.mongodb.net:27017' => [ServerDescription],
      'ac-bwgehtj-shard-00-02.ylagdft.mongodb.net:27017' => [ServerDescription],
      'ac-bwgehtj-shard-00-00.ylagdft.mongodb.net:27017' => [ServerDescription]
    },
    stale: false,
    compatible: true,
    heartbeatFrequencyMS: 10000,
    localThresholdMS: 15,
    setName: 'atlas-42at7n-shard-0',
    maxElectionId: new ObjectId('7fffffff0000000000000204'),
    maxSetVersion: 154,
    commonWireVersion: 0,
    logicalSessionTimeoutMinutes: 30
  },
  code: undefined,
  [cause]: MongoNetworkError: getaddrinfo ENOTFOUND ac-bwgehtj-shard-00-01.ylagdft.mongodb.net
      at TLSSocket.<anonymous> (G:\warehouse\inventory-management-system\Backend\node_modules\mongodb\lib\cmap\connect.js:286:44)
      at Object.onceWrapper (node:events:623:26)
      at TLSSocket.emit (node:events:508:28)
      at emitErrorNT (node:internal/streams/destroy:170:8)
      at emitErrorCloseNT (node:internal/streams/destroy:129:3)
      at process.processTicksAndRejections (node:internal/process/task_queues:89:21) {
    errorLabelSet: Set(1) { 'ResetPool' },
    beforeHandshake: false,
    [cause]: Error: getaddrinfo ENOTFOUND ac-bwgehtj-shard-00-01.ylagdft.mongodb.net
        at GetAddrInfoReqWrap.onlookup [as oncomplete] (node:dns:111:26) {
      errno: -3008,
      code: 'ENOTFOUND',
      syscall: 'getaddrinfo',
      hostname: 'ac-bwgehtj-shard-00-01.ylagdft.mongodb.net'
    }
  }
}
Error: {
  message: 'Not authorized, error verifying user: getaddrinfo ENOTFOUND ac-bwgehtj-shard-00-01.ylagdft.mongodb.net',
  statusCode: 401,
  path: '/api/warehouses',
  method: 'GET',
  stack: 'Error: Not authorized, error verifying user: getaddrinfo ENOTFOUND ac-bwgehtj-shard-00-01.ylagdft.mongodb.net\n' +
    '    at G:\\warehouse\\inventory-management-system\\Backend\\src\\middleware\\authMiddleware.js:38:19\n' +
    '    at processTicksAndRejections (node:internal/process/task_queues:103:5)\n' +
    '    at runNextTicks (node:internal/process/task_queues:68:3)\n' +
    '    at process.processTimers (node:internal/timers:538:9)'
}
MongoServerSelectionError: getaddrinfo ENOTFOUND ac-bwgehtj-shard-00-01.ylagdft.mongodb.net
    at Topology.selectServer (G:\warehouse\inventory-management-system\Backend\node_modules\mongodb\lib\sdam\topology.js:327:38)
    at runNextTicks (node:internal/process/task_queues:64:5)
    at listOnTimeout (node:internal/timers:567:9)
    at process.processTimers (node:internal/timers:541:7)
    at async tryOperation (G:\warehouse\inventory-management-system\Backend\node_modules\mongodb\lib\operations\execute_operation.js:196:22)
    at async executeOperation (G:\warehouse\inventory-management-system\Backend\node_modules\mongodb\lib\operations\execute_operation.js:78:16)
    at async FindCursor._initialize (G:\warehouse\inventory-management-system\Backend\node_modules\mongodb\lib\cursor\find_cursor.js:62:26)
    at async FindCursor.cursorInit (G:\warehouse\inventory-management-system\Backend\node_modules\mongodb\lib\cursor\abstract_cursor.js:632:27)
    at async FindCursor.fetchBatch (G:\warehouse\inventory-management-system\Backend\node_modules\mongodb\lib\cursor\abstract_cursor.js:666:13)
    at async FindCursor.next (G:\warehouse\inventory-management-system\Backend\node_modules\mongodb\lib\cursor\abstract_cursor.js:342:17) {
  errorLabelSet: Set(0) {},
  reason: TopologyDescription {
    type: 'ReplicaSetNoPrimary',
    servers: Map(3) {
      'ac-bwgehtj-shard-00-01.ylagdft.mongodb.net:27017' => [ServerDescription],
      'ac-bwgehtj-shard-00-02.ylagdft.mongodb.net:27017' => [ServerDescription],
      'ac-bwgehtj-shard-00-00.ylagdft.mongodb.net:27017' => [ServerDescription]
    },
    stale: false,
    compatible: true,
    heartbeatFrequencyMS: 10000,
    localThresholdMS: 15,
    setName: 'atlas-42at7n-shard-0',
    maxElectionId: new ObjectId('7fffffff0000000000000204'),
    maxSetVersion: 154,
    commonWireVersion: 0,
    logicalSessionTimeoutMinutes: 30
  },
  code: undefined,
  [cause]: MongoNetworkError: getaddrinfo ENOTFOUND ac-bwgehtj-shard-00-01.ylagdft.mongodb.net
      at TLSSocket.<anonymous> (G:\warehouse\inventory-management-system\Backend\node_modules\mongodb\lib\cmap\connect.js:286:44)
      at Object.onceWrapper (node:events:623:26)
      at TLSSocket.emit (node:events:508:28)
      at emitErrorNT (node:internal/streams/destroy:170:8)
      at emitErrorCloseNT (node:internal/streams/destroy:129:3)
      at process.processTicksAndRejections (node:internal/process/task_queues:89:21) {
    errorLabelSet: Set(1) { 'ResetPool' },
    beforeHandshake: false,
    [cause]: Error: getaddrinfo ENOTFOUND ac-bwgehtj-shard-00-01.ylagdft.mongodb.net
        at GetAddrInfoReqWrap.onlookup [as oncomplete] (node:dns:111:26) {
      errno: -3008,
      code: 'ENOTFOUND',
      syscall: 'getaddrinfo',
      hostname: 'ac-bwgehtj-shard-00-01.ylagdft.mongodb.net'
    }
  }
}
Error: {
  message: 'Not authorized, error verifying user: getaddrinfo ENOTFOUND ac-bwgehtj-shard-00-01.ylagdft.mongodb.net',
  statusCode: 401,
  path: '/api/warehouses',
  method: 'GET',
  stack: 'Error: Not authorized, error verifying user: getaddrinfo ENOTFOUND ac-bwgehtj-shard-00-01.ylagdft.mongodb.net\n' +
    '    at G:\\warehouse\\inventory-management-system\\Backend\\src\\middleware\\authMiddleware.js:38:19\n' +
    '    at processTicksAndRejections (node:internal/process/task_queues:103:5)\n' +
    '    at runNextTicks (node:internal/process/task_queues:68:3)\n' +
    '    at listOnTimeout (node:internal/timers:567:9)\n' +
    '    at process.processTimers (node:internal/timers:541:7)'
}
MongoServerSelectionError: getaddrinfo ENOTFOUND ac-bwgehtj-shard-00-01.ylagdft.mongodb.net
    at Topology.selectServer (G:\warehouse\inventory-management-system\Backend\node_modules\mongodb\lib\sdam\topology.js:327:38)
    at async tryOperation (G:\warehouse\inventory-management-system\Backend\node_modules\mongodb\lib\operations\execute_operation.js:196:22)
    at async executeOperation (G:\warehouse\inventory-management-system\Backend\node_modules\mongodb\lib\operations\execute_operation.js:78:16)
    at async FindCursor._initialize (G:\warehouse\inventory-management-system\Backend\node_modules\mongodb\lib\cursor\find_cursor.js:62:26)
    at async FindCursor.cursorInit (G:\warehouse\inventory-management-system\Backend\node_modules\mongodb\lib\cursor\abstract_cursor.js:632:27)
    at async FindCursor.fetchBatch (G:\warehouse\inventory-management-system\Backend\node_modules\mongodb\lib\cursor\abstract_cursor.js:666:13)
    at async FindCursor.next (G:\warehouse\inventory-management-system\Backend\node_modules\mongodb\lib\cursor\abstract_cursor.js:342:17)
    at async Collection.findOne (G:\warehouse\inventory-management-system\Backend\node_modules\mongodb\lib\collection.js:313:24)
    at async model.Query._findOne (G:\warehouse\inventory-management-system\Backend\node_modules\mongoose\lib\query.js:2710:15)
    at async model.Query.exec (G:\warehouse\inventory-management-system\Backend\node_modules\mongoose\lib\query.js:4627:63) {
  errorLabelSet: Set(0) {},
  reason: TopologyDescription {
    type: 'ReplicaSetNoPrimary',
    servers: Map(3) {
      'ac-bwgehtj-shard-00-01.ylagdft.mongodb.net:27017' => [ServerDescription],
      'ac-bwgehtj-shard-00-02.ylagdft.mongodb.net:27017' => [ServerDescription],
      'ac-bwgehtj-shard-00-00.ylagdft.mongodb.net:27017' => [ServerDescription]
    },
    stale: false,
    compatible: true,
    heartbeatFrequencyMS: 10000,
    localThresholdMS: 15,
    setName: 'atlas-42at7n-shard-0',
    maxElectionId: new ObjectId('7fffffff0000000000000204'),
    maxSetVersion: 154,
    commonWireVersion: 0,
    logicalSessionTimeoutMinutes: 30
  },
  code: undefined,
  [cause]: MongoNetworkError: getaddrinfo ENOTFOUND ac-bwgehtj-shard-00-01.ylagdft.mongodb.net
      at TLSSocket.<anonymous> (G:\warehouse\inventory-management-system\Backend\node_modules\mongodb\lib\cmap\connect.js:286:44)
      at Object.onceWrapper (node:events:623:26)
      at TLSSocket.emit (node:events:508:28)
      at emitErrorNT (node:internal/streams/destroy:170:8)
      at emitErrorCloseNT (node:internal/streams/destroy:129:3)
      at process.processTicksAndRejections (node:internal/process/task_queues:89:21) {
    errorLabelSet: Set(1) { 'ResetPool' },
    beforeHandshake: false,
    [cause]: Error: getaddrinfo ENOTFOUND ac-bwgehtj-shard-00-01.ylagdft.mongodb.net
        at GetAddrInfoReqWrap.onlookup [as oncomplete] (node:dns:111:26) {
      errno: -3008,
      code: 'ENOTFOUND',
      syscall: 'getaddrinfo',
      hostname: 'ac-bwgehtj-shard-00-01.ylagdft.mongodb.net'
    }
  }
}
Error: {
  message: 'Not authorized, error verifying user: getaddrinfo ENOTFOUND ac-bwgehtj-shard-00-01.ylagdft.mongodb.net',
  statusCode: 401,
  path: '/api/units',
  method: 'GET',
  stack: 'Error: Not authorized, error verifying user: getaddrinfo ENOTFOUND ac-bwgehtj-shard-00-01.ylagdft.mongodb.net\n' +
    '    at G:\\warehouse\\inventory-management-system\\Backend\\src\\middleware\\authMiddleware.js:38:19\n' +
    '    at process.processTicksAndRejections (node:internal/process/task_queues:103:5)'
}
MongoServerSelectionError: getaddrinfo ENOTFOUND ac-bwgehtj-shard-00-01.ylagdft.mongodb.net
    at Topology.selectServer (G:\warehouse\inventory-management-system\Backend\node_modules\mongodb\lib\sdam\topology.js:327:38)
    at async tryOperation (G:\warehouse\inventory-management-system\Backend\node_modules\mongodb\lib\operations\execute_operation.js:196:22)
    at async executeOperation (G:\warehouse\inventory-management-system\Backend\node_modules\mongodb\lib\operations\execute_operation.js:78:16)
    at async FindCursor._initialize (G:\warehouse\inventory-management-system\Backend\node_modules\mongodb\lib\cursor\find_cursor.js:62:26)
    at async FindCursor.cursorInit (G:\warehouse\inventory-management-system\Backend\node_modules\mongodb\lib\cursor\abstract_cursor.js:632:27)
    at async FindCursor.fetchBatch (G:\warehouse\inventory-management-system\Backend\node_modules\mongodb\lib\cursor\abstract_cursor.js:666:13)
    at async FindCursor.next (G:\warehouse\inventory-management-system\Backend\node_modules\mongodb\lib\cursor\abstract_cursor.js:342:17)
    at async Collection.findOne (G:\warehouse\inventory-management-system\Backend\node_modules\mongodb\lib\collection.js:313:24)
    at async model.Query._findOne (G:\warehouse\inventory-management-system\Backend\node_modules\mongoose\lib\query.js:2710:15)
    at async model.Query.exec (G:\warehouse\inventory-management-system\Backend\node_modules\mongoose\lib\query.js:4627:63) {
  errorLabelSet: Set(0) {},
  reason: TopologyDescription {
    type: 'ReplicaSetNoPrimary',
    servers: Map(3) {
      'ac-bwgehtj-shard-00-01.ylagdft.mongodb.net:27017' => [ServerDescription],
      'ac-bwgehtj-shard-00-02.ylagdft.mongodb.net:27017' => [ServerDescription],
      'ac-bwgehtj-shard-00-00.ylagdft.mongodb.net:27017' => [ServerDescription]
    },
    stale: false,
    compatible: true,
    heartbeatFrequencyMS: 10000,
    localThresholdMS: 15,
    setName: 'atlas-42at7n-shard-0',
    maxElectionId: new ObjectId('7fffffff0000000000000204'),
    maxSetVersion: 154,
    commonWireVersion: 0,
    logicalSessionTimeoutMinutes: 30
  },
  code: undefined,
  [cause]: MongoNetworkError: getaddrinfo ENOTFOUND ac-bwgehtj-shard-00-01.ylagdft.mongodb.net
      at TLSSocket.<anonymous> (G:\warehouse\inventory-management-system\Backend\node_modules\mongodb\lib\cmap\connect.js:286:44)
      at Object.onceWrapper (node:events:623:26)
      at TLSSocket.emit (node:events:508:28)
      at emitErrorNT (node:internal/streams/destroy:170:8)
      at emitErrorCloseNT (node:internal/streams/destroy:129:3)
      at process.processTicksAndRejections (node:internal/process/task_queues:89:21) {
    errorLabelSet: Set(1) { 'ResetPool' },
    beforeHandshake: false,
    [cause]: Error: getaddrinfo ENOTFOUND ac-bwgehtj-shard-00-01.ylagdft.mongodb.net
        at GetAddrInfoReqWrap.onlookup [as oncomplete] (node:dns:111:26) {
      errno: -3008,
      code: 'ENOTFOUND',
      syscall: 'getaddrinfo',
      hostname: 'ac-bwgehtj-shard-00-01.ylagdft.mongodb.net'
    }
  }
}
Error: {
  message: 'Not authorized, error verifying user: getaddrinfo ENOTFOUND ac-bwgehtj-shard-00-01.ylagdft.mongodb.net',
  statusCode: 401,
  path: '/api/vendors',
  method: 'GET',
  stack: 'Error: Not authorized, error verifying user: getaddrinfo ENOTFOUND ac-bwgehtj-shard-00-01.ylagdft.mongodb.net\n' +
    '    at G:\\warehouse\\inventory-management-system\\Backend\\src\\middleware\\authMiddleware.js:38:19\n' +
    '    at process.processTicksAndRejections (node:internal/process/task_queues:103:5)'
}
MongoServerSelectionError: getaddrinfo ENOTFOUND ac-bwgehtj-shard-00-01.ylagdft.mongodb.net
    at Topology.selectServer (G:\warehouse\inventory-management-system\Backend\node_modules\mongodb\lib\sdam\topology.js:327:38)
    at runNextTicks (node:internal/process/task_queues:64:5)
    at listOnTimeout (node:internal/timers:567:9)
    at process.processTimers (node:internal/timers:541:7)
    at async tryOperation (G:\warehouse\inventory-management-system\Backend\node_modules\mongodb\lib\operations\execute_operation.js:196:22)
    at async executeOperation (G:\warehouse\inventory-management-system\Backend\node_modules\mongodb\lib\operations\execute_operation.js:78:16)
    at async FindCursor._initialize (G:\warehouse\inventory-management-system\Backend\node_modules\mongodb\lib\cursor\find_cursor.js:62:26)
    at async FindCursor.cursorInit (G:\warehouse\inventory-management-system\Backend\node_modules\mongodb\lib\cursor\abstract_cursor.js:632:27)
    at async FindCursor.fetchBatch (G:\warehouse\inventory-management-system\Backend\node_modules\mongodb\lib\cursor\abstract_cursor.js:666:13)
    at async FindCursor.next (G:\warehouse\inventory-management-system\Backend\node_modules\mongodb\lib\cursor\abstract_cursor.js:342:17) {
  errorLabelSet: Set(0) {},
  reason: TopologyDescription {
    type: 'ReplicaSetNoPrimary',
    servers: Map(3) {
      'ac-bwgehtj-shard-00-01.ylagdft.mongodb.net:27017' => [ServerDescription],
      'ac-bwgehtj-shard-00-02.ylagdft.mongodb.net:27017' => [ServerDescription],
      'ac-bwgehtj-shard-00-00.ylagdft.mongodb.net:27017' => [ServerDescription]
    },
    stale: false,
    compatible: true,
    heartbeatFrequencyMS: 10000,
    localThresholdMS: 15,
    setName: 'atlas-42at7n-shard-0',
    maxElectionId: new ObjectId('7fffffff0000000000000204'),
    maxSetVersion: 154,
    commonWireVersion: 0,
    logicalSessionTimeoutMinutes: null
  },
  code: undefined,
  [cause]: MongoNetworkError: getaddrinfo ENOTFOUND ac-bwgehtj-shard-00-01.ylagdft.mongodb.net
      at TLSSocket.<anonymous> (G:\warehouse\inventory-management-system\Backend\node_modules\mongodb\lib\cmap\connect.js:286:44)
      at Object.onceWrapper (node:events:623:26)
      at TLSSocket.emit (node:events:508:28)
      at emitErrorNT (node:internal/streams/destroy:170:8)
      at emitErrorCloseNT (node:internal/streams/destroy:129:3)
      at process.processTicksAndRejections (node:internal/process/task_queues:89:21) {
    errorLabelSet: Set(1) { 'ResetPool' },
    beforeHandshake: false,
    [cause]: Error: getaddrinfo ENOTFOUND ac-bwgehtj-shard-00-01.ylagdft.mongodb.net
        at GetAddrInfoReqWrap.onlookup [as oncomplete] (node:dns:111:26) {
      errno: -3008,
      code: 'ENOTFOUND',
      syscall: 'getaddrinfo',
      hostname: 'ac-bwgehtj-shard-00-01.ylagdft.mongodb.net'
    }
  }
}
Error: {
  message: 'Not authorized, error verifying user: getaddrinfo ENOTFOUND ac-bwgehtj-shard-00-01.ylagdft.mongodb.net',
  statusCode: 401,
  path: '/api/purchases/6a43e7f529a440709ac9fe45/receive',
  method: 'POST',
  stack: 'Error: Not authorized, error verifying user: getaddrinfo ENOTFOUND ac-bwgehtj-shard-00-01.ylagdft.mongodb.net\n' +
    '    at G:\\warehouse\\inventory-management-system\\Backend\\src\\middleware\\authMiddleware.js:38:19\n' +
    '    at processTicksAndRejections (node:internal/process/task_queues:103:5)\n' +
    '    at runNextTicks (node:internal/process/task_queues:68:3)\n' +
    '    at listOnTimeout (node:internal/timers:567:9)\n' +
    '    at process.processTimers (node:internal/timers:541:7)'
}
MongoServerSelectionError: getaddrinfo ENOTFOUND ac-bwgehtj-shard-00-01.ylagdft.mongodb.net
    at Topology.selectServer (G:\warehouse\inventory-management-system\Backend\node_modules\mongodb\lib\sdam\topology.js:327:38)
    at runNextTicks (node:internal/process/task_queues:64:5)
    at listOnTimeout (node:internal/timers:567:9)
    at process.processTimers (node:internal/timers:541:7)
    at async tryOperation (G:\warehouse\inventory-management-system\Backend\node_modules\mongodb\lib\operations\execute_operation.js:196:22)
    at async executeOperation (G:\warehouse\inventory-management-system\Backend\node_modules\mongodb\lib\operations\execute_operation.js:78:16)
    at async FindCursor._initialize (G:\warehouse\inventory-management-system\Backend\node_modules\mongodb\lib\cursor\find_cursor.js:62:26)
    at async FindCursor.cursorInit (G:\warehouse\inventory-management-system\Backend\node_modules\mongodb\lib\cursor\abstract_cursor.js:632:27)
    at async FindCursor.fetchBatch (G:\warehouse\inventory-management-system\Backend\node_modules\mongodb\lib\cursor\abstract_cursor.js:666:13)
    at async FindCursor.next (G:\warehouse\inventory-management-system\Backend\node_modules\mongodb\lib\cursor\abstract_cursor.js:342:17) {
  errorLabelSet: Set(0) {},
  reason: TopologyDescription {
    type: 'ReplicaSetNoPrimary',
    servers: Map(3) {
      'ac-bwgehtj-shard-00-01.ylagdft.mongodb.net:27017' => [ServerDescription],
      'ac-bwgehtj-shard-00-02.ylagdft.mongodb.net:27017' => [ServerDescription],
      'ac-bwgehtj-shard-00-00.ylagdft.mongodb.net:27017' => [ServerDescription]
    },
    stale: false,
    compatible: true,
    heartbeatFrequencyMS: 10000,
    localThresholdMS: 15,
    setName: 'atlas-42at7n-shard-0',
    maxElectionId: new ObjectId('7fffffff0000000000000204'),
    maxSetVersion: 154,
    commonWireVersion: 0,
    logicalSessionTimeoutMinutes: null
  },
  code: undefined,
  [cause]: MongoNetworkError: getaddrinfo ENOTFOUND ac-bwgehtj-shard-00-01.ylagdft.mongodb.net
      at TLSSocket.<anonymous> (G:\warehouse\inventory-management-system\Backend\node_modules\mongodb\lib\cmap\connect.js:286:44)
      at Object.onceWrapper (node:events:623:26)
      at TLSSocket.emit (node:events:508:28)
      at emitErrorNT (node:internal/streams/destroy:170:8)
      at emitErrorCloseNT (node:internal/streams/destroy:129:3)
      at process.processTicksAndRejections (node:internal/process/task_queues:89:21) {
    errorLabelSet: Set(1) { 'ResetPool' },
    beforeHandshake: false,
    [cause]: Error: getaddrinfo ENOTFOUND ac-bwgehtj-shard-00-01.ylagdft.mongodb.net
        at GetAddrInfoReqWrap.onlookup [as oncomplete] (node:dns:111:26) {
      errno: -3008,
      code: 'ENOTFOUND',
      syscall: 'getaddrinfo',
      hostname: 'ac-bwgehtj-shard-00-01.ylagdft.mongodb.net'
    }
  }
}
Error: {
  message: 'Not authorized, error verifying user: getaddrinfo ENOTFOUND ac-bwgehtj-shard-00-01.ylagdft.mongodb.net',
  statusCode: 401,
  path: '/api/purchases/6a43e7f529a440709ac9fe45/receive',
  method: 'POST',
  stack: 'Error: Not authorized, error verifying user: getaddrinfo ENOTFOUND ac-bwgehtj-shard-00-01.ylagdft.mongodb.net\n' +
    '    at G:\\warehouse\\inventory-management-system\\Backend\\src\\middleware\\authMiddleware.js:38:19\n' +
    '    at processTicksAndRejections (node:internal/process/task_queues:103:5)\n' +
    '    at runNextTicks (node:internal/process/task_queues:68:3)\n' +
    '    at listOnTimeout (node:internal/timers:567:9)\n' +
    '    at process.processTimers (node:internal/timers:541:7)'
}
MongoServerSelectionError: getaddrinfo ENOTFOUND ac-bwgehtj-shard-00-01.ylagdft.mongodb.net
    at Topology.selectServer (G:\warehouse\inventory-management-system\Backend\node_modules\mongodb\lib\sdam\topology.js:327:38)
    at async tryOperation (G:\warehouse\inventory-management-system\Backend\node_modules\mongodb\lib\operations\execute_operation.js:196:22)
    at async executeOperation (G:\warehouse\inventory-management-system\Backend\node_modules\mongodb\lib\operations\execute_operation.js:78:16)
    at async FindCursor._initialize (G:\warehouse\inventory-management-system\Backend\node_modules\mongodb\lib\cursor\find_cursor.js:62:26)
    at async FindCursor.cursorInit (G:\warehouse\inventory-management-system\Backend\node_modules\mongodb\lib\cursor\abstract_cursor.js:632:27)
    at async FindCursor.fetchBatch (G:\warehouse\inventory-management-system\Backend\node_modules\mongodb\lib\cursor\abstract_cursor.js:666:13)
    at async FindCursor.next (G:\warehouse\inventory-management-system\Backend\node_modules\mongodb\lib\cursor\abstract_cursor.js:342:17)
    at async Collection.findOne (G:\warehouse\inventory-management-system\Backend\node_modules\mongodb\lib\collection.js:313:24)
    at async model.Query._findOne (G:\warehouse\inventory-management-system\Backend\node_modules\mongoose\lib\query.js:2710:15)
    at async model.Query.exec (G:\warehouse\inventory-management-system\Backend\node_modules\mongoose\lib\query.js:4627:63) {
  errorLabelSet: Set(0) {},
  reason: TopologyDescription {
    type: 'ReplicaSetNoPrimary',
    servers: Map(3) {
      'ac-bwgehtj-shard-00-01.ylagdft.mongodb.net:27017' => [ServerDescription],
      'ac-bwgehtj-shard-00-02.ylagdft.mongodb.net:27017' => [ServerDescription],
      'ac-bwgehtj-shard-00-00.ylagdft.mongodb.net:27017' => [ServerDescription]
    },
    stale: false,
    compatible: true,
    heartbeatFrequencyMS: 10000,
    localThresholdMS: 15,
    setName: 'atlas-42at7n-shard-0',
    maxElectionId: new ObjectId('7fffffff0000000000000204'),
    maxSetVersion: 154,
    commonWireVersion: 0,
    logicalSessionTimeoutMinutes: null
  },
  code: undefined,
  [cause]: MongoNetworkError: getaddrinfo ENOTFOUND ac-bwgehtj-shard-00-01.ylagdft.mongodb.net
      at TLSSocket.<anonymous> (G:\warehouse\inventory-management-system\Backend\node_modules\mongodb\lib\cmap\connect.js:286:44)
      at Object.onceWrapper (node:events:623:26)
      at TLSSocket.emit (node:events:508:28)
      at emitErrorNT (node:internal/streams/destroy:170:8)
      at emitErrorCloseNT (node:internal/streams/destroy:129:3)
      at process.processTicksAndRejections (node:internal/process/task_queues:89:21) {
    errorLabelSet: Set(1) { 'ResetPool' },
    beforeHandshake: false,
    [cause]: Error: getaddrinfo ENOTFOUND ac-bwgehtj-shard-00-01.ylagdft.mongodb.net
        at GetAddrInfoReqWrap.onlookup [as oncomplete] (node:dns:111:26) {
      errno: -3008,
      code: 'ENOTFOUND',
      syscall: 'getaddrinfo',
      hostname: 'ac-bwgehtj-shard-00-01.ylagdft.mongodb.net'
    }
  }
}
Error: {
  message: 'Not authorized, error verifying user: getaddrinfo ENOTFOUND ac-bwgehtj-shard-00-01.ylagdft.mongodb.net',
  statusCode: 401,
  path: '/api/purchases/6a43e7f529a440709ac9fe45/receive',
  method: 'POST',
  stack: 'Error: Not authorized, error verifying user: getaddrinfo ENOTFOUND ac-bwgehtj-shard-00-01.ylagdft.mongodb.net\n' +
    '    at G:\\warehouse\\inventory-management-system\\Backend\\src\\middleware\\authMiddleware.js:38:19\n' +
    '    at process.processTicksAndRejections (node:internal/process/task_queues:103:5)'
}
Error: {
  message: 'FinanceTransaction validation failed: createdBy: Path `createdBy` is required.',
  statusCode: 500,
  path: '/api/purchases/6a43e7f529a440709ac9fe45/receive',
  method: 'POST',
  stack: 'ValidationError: FinanceTransaction validation failed: createdBy: Path `createdBy` is required.\n' +
    '    at Document.invalidate (G:\\warehouse\\inventory-management-system\\Backend\\node_modules\\mongoose\\lib\\document.js:3373:32)\n' +
    '    at G:\\warehouse\\inventory-management-system\\Backend\\node_modules\\mongoose\\lib\\document.js:3134:17\n' +
    '    at G:\\warehouse\\inventory-management-system\\Backend\\node_modules\\mongoose\\lib\\schemaType.js:1446:9\n' +
    '    at process.processTicksAndRejections (node:internal/process/task_queues:84:11)'
}
Error: {
  message: 'Insufficient funds in wallet. Available balance: $155',
  statusCode: 400,
  path: '/api/purchases/6a43e7f529a440709ac9fe45/receive',
  method: 'POST',
  stack: 'Error: Insufficient funds in wallet. Available balance: $155\n' +
    '    at G:\\warehouse\\inventory-management-system\\Backend\\src\\controllers\\purchaseController.js:474:19\n' +
    '    at process.processTicksAndRejections (node:internal/process/task_queues:103:5)'
}
Error: {
  message: 'Insufficient funds in wallet. Available balance: $155',
  statusCode: 400,
  path: '/api/purchases/6a43e7f529a440709ac9fe45/receive',
  method: 'POST',
  stack: 'Error: Insufficient funds in wallet. Available balance: $155\n' +
    '    at G:\\warehouse\\inventory-management-system\\Backend\\src\\controllers\\purchaseController.js:474:19\n' +
    '    at process.processTicksAndRejections (node:internal/process/task_queues:103:5)'
}
Error: {
  message: 'FinanceTransaction validation failed: createdBy: Path `createdBy` is required.',
  statusCode: 500,
  path: '/api/purchases/6a43e9e829a440709ac9ffc5/receive',
  method: 'POST',
  stack: 'ValidationError: FinanceTransaction validation failed: createdBy: Path `createdBy` is required.\n' +
    '    at Document.invalidate (G:\\warehouse\\inventory-management-system\\Backend\\node_modules\\mongoose\\lib\\document.js:3373:32)\n' +
    '    at G:\\warehouse\\inventory-management-system\\Backend\\node_modules\\mongoose\\lib\\document.js:3134:17\n' +
    '    at G:\\warehouse\\inventory-management-system\\Backend\\node_modules\\mongoose\\lib\\schemaType.js:1446:9\n' +
    '    at process.processTicksAndRejections (node:internal/process/task_queues:84:11)'
}
[32m[nodemon] restarting due to changes...[39m
[32m[nodemon] starting `node src/index.js`[39m
MongoDB connection attempt 1/5...
Server running on port 5005
✓ MongoDB Connected: ac-bwgehtj-shard-00-02.ylagdft.mongodb.net
[32m[nodemon] restarting due to changes...[39m
[32m[nodemon] starting `node src/index.js`[39m
MongoDB connection attempt 1/5...
Server running on port 5005
✓ MongoDB Connected: ac-bwgehtj-shard-00-00.ylagdft.mongodb.net
Error: {
  message: 'Insufficient funds in wallet. Available balance: $105',
  statusCode: 400,
  path: '/api/purchases/6a43eb6f407486421567ade8/receive',
  method: 'POST',
  stack: 'Error: Insufficient funds in wallet. Available balance: $105\n' +
    '    at G:\\warehouse\\inventory-management-system\\Backend\\src\\controllers\\purchaseController.js:474:19\n' +
    '    at process.processTicksAndRejections (node:internal/process/task_queues:103:5)'
}
[32m[nodemon] restarting due to changes...[39m
[32m[nodemon] starting `node src/index.js`[39m
MongoDB connection attempt 1/5...
Server running on port 5005
✓ MongoDB Connected: ac-bwgehtj-shard-00-00.ylagdft.mongodb.net
[32m[nodemon] restarting due to changes...[39m
[32m[nodemon] starting `node src/index.js`[39m
MongoDB connection attempt 1/5...
Server running on port 5005
✓ MongoDB Connected: ac-bwgehtj-shard-00-02.ylagdft.mongodb.net
[32m[nodemon] restarting due to changes...[39m
[32m[nodemon] starting `node src/index.js`[39m
MongoDB connection attempt 1/5...
Server running on port 5005
✓ MongoDB Connected: ac-bwgehtj-shard-00-00.ylagdft.mongodb.net
[32m[nodemon] restarting due to changes...[39m
[32m[nodemon] starting `node src/index.js`[39m
MongoDB connection attempt 1/5...
Server running on port 5005
✓ MongoDB Connected: ac-bwgehtj-shard-00-00.ylagdft.mongodb.net
[32m[nodemon] restarting due to changes...[39m
[32m[nodemon] starting `node src/index.js`[39m
MongoDB connection attempt 1/5...
Server running on port 5005
✓ MongoDB Connected: ac-bwgehtj-shard-00-00.ylagdft.mongodb.net
[32m[nodemon] restarting due to changes...[39m
[32m[nodemon] starting `node src/index.js`[39m
MongoDB connection attempt 1/5...
Server running on port 5005
✓ MongoDB Connected: ac-bwgehtj-shard-00-01.ylagdft.mongodb.net
[32m[nodemon] restarting due to changes...[39m
[32m[nodemon] starting `node src/index.js`[39m
MongoDB connection attempt 1/5...
Server running on port 5005
[32m[nodemon] restarting due to changes...[39m
[32m[nodemon] starting `node src/index.js`[39m
MongoDB connection attempt 1/5...
Server running on port 5005
✓ MongoDB Connected: ac-bwgehtj-shard-00-00.ylagdft.mongodb.net
Error: {
  message: 'Can only dispatch orders that are Packed',
  statusCode: 400,
  path: '/api/sales/6a43f8e7256a72a8945e0fc9/dispatch',
  method: 'POST',
  stack: 'Error: Can only dispatch orders that are Packed\n' +
    '    at G:\\warehouse\\inventory-management-system\\Backend\\src\\controllers\\saleController.js:163:15\n' +
    '    at process.processTicksAndRejections (node:internal/process/task_queues:103:5)'
}
[32m[nodemon] restarting due to changes...[39m
[32m[nodemon] starting `node src/index.js`[39m
MongoDB connection attempt 1/5...
Server running on port 5005
✓ MongoDB Connected: ac-bwgehtj-shard-00-02.ylagdft.mongodb.net
[32m[nodemon] restarting due to changes...[39m
[32m[nodemon] starting `node src/index.js`[39m
MongoDB connection attempt 1/5...
Server running on port 5005
✓ MongoDB Connected: ac-bwgehtj-shard-00-01.ylagdft.mongodb.net
[32m[nodemon] restarting due to changes...[39m
[32m[nodemon] starting `node src/index.js`[39m
MongoDB connection attempt 1/5...
Server running on port 5005
✓ MongoDB Connected: ac-bwgehtj-shard-00-02.ylagdft.mongodb.net
MongoServerSelectionError: getaddrinfo ENOTFOUND ac-bwgehtj-shard-00-02.ylagdft.mongodb.net
    at Topology.selectServer (G:\warehouse\inventory-management-system\Backend\node_modules\mongodb\lib\sdam\topology.js:327:38)
    at runNextTicks (node:internal/process/task_queues:64:5)
    at listOnTimeout (node:internal/timers:567:9)
    at process.processTimers (node:internal/timers:541:7)
    at async tryOperation (G:\warehouse\inventory-management-system\Backend\node_modules\mongodb\lib\operations\execute_operation.js:148:18)
    at async executeOperation (G:\warehouse\inventory-management-system\Backend\node_modules\mongodb\lib\operations\execute_operation.js:78:16)
    at async FindCursor._initialize (G:\warehouse\inventory-management-system\Backend\node_modules\mongodb\lib\cursor\find_cursor.js:62:26)
    at async FindCursor.cursorInit (G:\warehouse\inventory-management-system\Backend\node_modules\mongodb\lib\cursor\abstract_cursor.js:632:27)
    at async FindCursor.fetchBatch (G:\warehouse\inventory-management-system\Backend\node_modules\mongodb\lib\cursor\abstract_cursor.js:666:13)
    at async FindCursor.next (G:\warehouse\inventory-management-system\Backend\node_modules\mongodb\lib\cursor\abstract_cursor.js:342:17) {
  errorLabelSet: Set(0) {},
  reason: TopologyDescription {
    type: 'ReplicaSetNoPrimary',
    servers: Map(3) {
      'ac-bwgehtj-shard-00-02.ylagdft.mongodb.net:27017' => [ServerDescription],
      'ac-bwgehtj-shard-00-01.ylagdft.mongodb.net:27017' => [ServerDescription],
      'ac-bwgehtj-shard-00-00.ylagdft.mongodb.net:27017' => [ServerDescription]
    },
    stale: false,
    compatible: true,
    heartbeatFrequencyMS: 10000,
    localThresholdMS: 15,
    setName: 'atlas-42at7n-shard-0',
    maxElectionId: new ObjectId('7fffffff0000000000000204'),
    maxSetVersion: 154,
    commonWireVersion: 0,
    logicalSessionTimeoutMinutes: null
  },
  code: undefined,
  [cause]: MongoNetworkError: getaddrinfo ENOTFOUND ac-bwgehtj-shard-00-02.ylagdft.mongodb.net
      at TLSSocket.<anonymous> (G:\warehouse\inventory-management-system\Backend\node_modules\mongodb\lib\cmap\connect.js:286:44)
      at Object.onceWrapper (node:events:623:26)
      at TLSSocket.emit (node:events:508:28)
      at emitErrorNT (node:internal/streams/destroy:170:8)
      at emitErrorCloseNT (node:internal/streams/destroy:129:3)
      at process.processTicksAndRejections (node:internal/process/task_queues:89:21) {
    errorLabelSet: Set(1) { 'ResetPool' },
    beforeHandshake: false,
    [cause]: Error: getaddrinfo ENOTFOUND ac-bwgehtj-shard-00-02.ylagdft.mongodb.net
        at GetAddrInfoReqWrap.onlookup [as oncomplete] (node:dns:111:26) {
      errno: -3008,
      code: 'ENOTFOUND',
      syscall: 'getaddrinfo',
      hostname: 'ac-bwgehtj-shard-00-02.ylagdft.mongodb.net'
    }
  }
}
Error: {
  message: 'Not authorized, error verifying user: getaddrinfo ENOTFOUND ac-bwgehtj-shard-00-02.ylagdft.mongodb.net',
  statusCode: 401,
  path: '/api/warehouses',
  method: 'GET',
  stack: 'Error: Not authorized, error verifying user: getaddrinfo ENOTFOUND ac-bwgehtj-shard-00-02.ylagdft.mongodb.net\n' +
    '    at G:\\warehouse\\inventory-management-system\\Backend\\src\\middleware\\authMiddleware.js:38:19\n' +
    '    at processTicksAndRejections (node:internal/process/task_queues:103:5)\n' +
    '    at runNextTicks (node:internal/process/task_queues:68:3)\n' +
    '    at listOnTimeout (node:internal/timers:567:9)\n' +
    '    at process.processTimers (node:internal/timers:541:7)'
}
Failed to create product in destination warehouse: MongoServerError: E11000 duplicate key error collection: FInventry-System.products index: tenantId_1_branchId_1_sku_1 dup key: { tenantId: null, branchId: null, sku: "sr-22" }
    at InsertOneOperation.handleOk (G:\warehouse\inventory-management-system\Backend\node_modules\mongodb\lib\operations\insert.js:51:19)
    at tryOperation (G:\warehouse\inventory-management-system\Backend\node_modules\mongodb\lib\operations\execute_operation.js:214:34)
    at process.processTicksAndRejections (node:internal/process/task_queues:103:5)
    at async executeOperation (G:\warehouse\inventory-management-system\Backend\node_modules\mongodb\lib\operations\execute_operation.js:78:16)
    at async Collection.insertOne (G:\warehouse\inventory-management-system\Backend\node_modules\mongodb\lib\collection.js:154:16) {
  errorLabelSet: Set(0) {},
  errorResponse: {
    index: 0,
    code: 11000,
    errmsg: 'E11000 duplicate key error collection: FInventry-System.products index: tenantId_1_branchId_1_sku_1 dup key: { tenantId: null, branchId: null, sku: "sr-22" }',
    keyPattern: { tenantId: 1, branchId: 1, sku: 1 },
    keyValue: { tenantId: null, branchId: null, sku: 'sr-22' }
  },
  index: 0,
  code: 11000,
  keyPattern: { tenantId: 1, branchId: 1, sku: 1 },
  keyValue: { tenantId: null, branchId: null, sku: 'sr-22' }
}
Error updating transfer status: Error: Failed to create product sr-22: E11000 duplicate key error collection: FInventry-System.products index: tenantId_1_branchId_1_sku_1 dup key: { tenantId: null, branchId: null, sku: "sr-22" }
    at updateTransferStatus (G:\warehouse\inventory-management-system\Backend\src\controllers\transferController.js:175:31)
    at process.processTicksAndRejections (node:internal/process/task_queues:103:5)
Failed to create product in destination warehouse: MongoServerError: E11000 duplicate key error collection: FInventry-System.products index: tenantId_1_branchId_1_sku_1 dup key: { tenantId: null, branchId: null, sku: "sr-22" }
    at InsertOneOperation.handleOk (G:\warehouse\inventory-management-system\Backend\node_modules\mongodb\lib\operations\insert.js:51:19)
    at tryOperation (G:\warehouse\inventory-management-system\Backend\node_modules\mongodb\lib\operations\execute_operation.js:214:34)
    at process.processTicksAndRejections (node:internal/process/task_queues:103:5)
    at async executeOperation (G:\warehouse\inventory-management-system\Backend\node_modules\mongodb\lib\operations\execute_operation.js:78:16)
    at async Collection.insertOne (G:\warehouse\inventory-management-system\Backend\node_modules\mongodb\lib\collection.js:154:16) {
  errorLabelSet: Set(0) {},
  errorResponse: {
    index: 0,
    code: 11000,
    errmsg: 'E11000 duplicate key error collection: FInventry-System.products index: tenantId_1_branchId_1_sku_1 dup key: { tenantId: null, branchId: null, sku: "sr-22" }',
    keyPattern: { tenantId: 1, branchId: 1, sku: 1 },
    keyValue: { tenantId: null, branchId: null, sku: 'sr-22' }
  },
  index: 0,
  code: 11000,
  keyPattern: { tenantId: 1, branchId: 1, sku: 1 },
  keyValue: { tenantId: null, branchId: null, sku: 'sr-22' }
}
Error updating transfer status: Error: Failed to create product sr-22: E11000 duplicate key error collection: FInventry-System.products index: tenantId_1_branchId_1_sku_1 dup key: { tenantId: null, branchId: null, sku: "sr-22" }
    at updateTransferStatus (G:\warehouse\inventory-management-system\Backend\src\controllers\transferController.js:175:31)
    at process.processTicksAndRejections (node:internal/process/task_queues:103:5)
[32m[nodemon] restarting due to changes...[39m
[32m[nodemon] starting `node src/index.js`[39m
MongoDB connection attempt 1/5...
Server running on port 5005
✓ MongoDB Connected: ac-bwgehtj-shard-00-00.ylagdft.mongodb.net
Failed to create product in destination warehouse: MongoServerError: E11000 duplicate key error collection: FInventry-System.products index: tenantId_1_branchId_1_sku_1 dup key: { tenantId: null, branchId: null, sku: "sr-22" }
    at InsertOneOperation.handleOk (G:\warehouse\inventory-management-system\Backend\node_modules\mongodb\lib\operations\insert.js:51:19)
    at tryOperation (G:\warehouse\inventory-management-system\Backend\node_modules\mongodb\lib\operations\execute_operation.js:214:34)
    at process.processTicksAndRejections (node:internal/process/task_queues:103:5)
    at async executeOperation (G:\warehouse\inventory-management-system\Backend\node_modules\mongodb\lib\operations\execute_operation.js:78:16)
    at async Collection.insertOne (G:\warehouse\inventory-management-system\Backend\node_modules\mongodb\lib\collection.js:154:16) {
  errorLabelSet: Set(0) {},
  errorResponse: {
    index: 0,
    code: 11000,
    errmsg: 'E11000 duplicate key error collection: FInventry-System.products index: tenantId_1_branchId_1_sku_1 dup key: { tenantId: null, branchId: null, sku: "sr-22" }',
    keyPattern: { tenantId: 1, branchId: 1, sku: 1 },
    keyValue: { tenantId: null, branchId: null, sku: 'sr-22' }
  },
  index: 0,
  code: 11000,
  keyPattern: { tenantId: 1, branchId: 1, sku: 1 },
  keyValue: { tenantId: null, branchId: null, sku: 'sr-22' }
}
Error updating transfer status: Error: Failed to create product sr-22: E11000 duplicate key error collection: FInventry-System.products index: tenantId_1_branchId_1_sku_1 dup key: { tenantId: null, branchId: null, sku: "sr-22" }
    at fail (G:\warehouse\inventory-management-system\Backend\src\controllers\transferController.js:7:19)
    at updateTransferStatus (G:\warehouse\inventory-management-system\Backend\src\controllers\transferController.js:195:25)
    at process.processTicksAndRejections (node:internal/process/task_queues:103:5) {
  statusCode: 400
}
Failed to create product in destination warehouse: MongoServerError: E11000 duplicate key error collection: FInventry-System.products index: tenantId_1_branchId_1_sku_1 dup key: { tenantId: null, branchId: null, sku: "sr-22" }
    at InsertOneOperation.handleOk (G:\warehouse\inventory-management-system\Backend\node_modules\mongodb\lib\operations\insert.js:51:19)
    at tryOperation (G:\warehouse\inventory-management-system\Backend\node_modules\mongodb\lib\operations\execute_operation.js:214:34)
    at process.processTicksAndRejections (node:internal/process/task_queues:103:5)
    at async executeOperation (G:\warehouse\inventory-management-system\Backend\node_modules\mongodb\lib\operations\execute_operation.js:78:16)
    at async Collection.insertOne (G:\warehouse\inventory-management-system\Backend\node_modules\mongodb\lib\collection.js:154:16) {
  errorLabelSet: Set(0) {},
  errorResponse: {
    index: 0,
    code: 11000,
    errmsg: 'E11000 duplicate key error collection: FInventry-System.products index: tenantId_1_branchId_1_sku_1 dup key: { tenantId: null, branchId: null, sku: "sr-22" }',
    keyPattern: { tenantId: 1, branchId: 1, sku: 1 },
    keyValue: { tenantId: null, branchId: null, sku: 'sr-22' }
  },
  index: 0,
  code: 11000,
  keyPattern: { tenantId: 1, branchId: 1, sku: 1 },
  keyValue: { tenantId: null, branchId: null, sku: 'sr-22' }
}
Error updating transfer status: Error: Failed to create product sr-22: E11000 duplicate key error collection: FInventry-System.products index: tenantId_1_branchId_1_sku_1 dup key: { tenantId: null, branchId: null, sku: "sr-22" }
    at fail (G:\warehouse\inventory-management-system\Backend\src\controllers\transferController.js:7:19)
    at updateTransferStatus (G:\warehouse\inventory-management-system\Backend\src\controllers\transferController.js:195:25)
    at process.processTicksAndRejections (node:internal/process/task_queues:103:5) {
  statusCode: 400
}
[32m[nodemon] restarting due to changes...[39m
[32m[nodemon] starting `node src/index.js`[39m
MongoDB connection attempt 1/5...
Server running on port 5005
✗ Attempt 1 failed: Could not connect to any servers in your MongoDB Atlas cluster. One common reason is that you're trying to access the database from an IP that isn't whitelisted. Make sure your current IP address is on your Atlas cluster's IP whitelist: https://www.mongodb.com/docs/atlas/security-whitelist/
  Retrying in 3s...
MongoDB connection attempt 2/5...
[32m[nodemon] restarting due to changes...[39m
[32m[nodemon] starting `node src/index.js`[39m
MongoDB connection attempt 1/5...
Server running on port 5005
✗ Attempt 1 failed: Could not connect to any servers in your MongoDB Atlas cluster. One common reason is that you're trying to access the database from an IP that isn't whitelisted. Make sure your current IP address is on your Atlas cluster's IP whitelist: https://www.mongodb.com/docs/atlas/security-whitelist/
  Retrying in 3s...
MongoDB connection attempt 2/5...
✗ Attempt 2 failed: Could not connect to any servers in your MongoDB Atlas cluster. One common reason is that you're trying to access the database from an IP that isn't whitelisted. Make sure your current IP address is on your Atlas cluster's IP whitelist: https://www.mongodb.com/docs/atlas/security-whitelist/
  Retrying in 6s...
MongoDB connection attempt 3/5...
✓ MongoDB Connected: ac-bwgehtj-shard-00-00.ylagdft.mongodb.net
Error: {
  message: 'This is a required system unit and cannot be deleted.',
  statusCode: 403,
  path: '/api/units/6965f0b4e788935c24419bd4',
  method: 'DELETE',
  stack: 'Error: This is a required system unit and cannot be deleted.\n' +
    '    at G:\\warehouse\\inventory-management-system\\Backend\\src\\controllers\\unitController.js:63:19\n' +
    '    at process.processTicksAndRejections (node:internal/process/task_queues:103:5)'
}
Error: {
  message: 'This is a required system unit and cannot be deleted.',
  statusCode: 403,
  path: '/api/units/6965f0b4e788935c24419bd4',
  method: 'DELETE',
  stack: 'Error: This is a required system unit and cannot be deleted.\n' +
    '    at G:\\warehouse\\inventory-management-system\\Backend\\src\\controllers\\unitController.js:63:19\n' +
    '    at process.processTicksAndRejections (node:internal/process/task_queues:103:5)'
}
Error: {
  message: 'This is a required system unit and cannot be deleted.',
  statusCode: 403,
  path: '/api/units/6968751802fc3b51bac6791b',
  method: 'DELETE',
  stack: 'Error: This is a required system unit and cannot be deleted.\n' +
    '    at G:\\warehouse\\inventory-management-system\\Backend\\src\\controllers\\unitController.js:63:19\n' +
    '    at process.processTicksAndRejections (node:internal/process/task_queues:103:5)'
}
Error: {
  message: 'This is a required system unit and cannot be deleted.',
  statusCode: 403,
  path: '/api/units/69650586e0ca88fc9964b77e',
  method: 'DELETE',
  stack: 'Error: This is a required system unit and cannot be deleted.\n' +
    '    at G:\\warehouse\\inventory-management-system\\Backend\\src\\controllers\\unitController.js:63:19\n' +
    '    at process.processTicksAndRejections (node:internal/process/task_queues:103:5)'
}
Error: {
  message: 'This is a required system unit and cannot be deleted.',
  statusCode: 403,
  path: '/api/units/696727827e475c5102a1d83b',
  method: 'DELETE',
  stack: 'Error: This is a required system unit and cannot be deleted.\n' +
    '    at G:\\warehouse\\inventory-management-system\\Backend\\src\\controllers\\unitController.js:63:19\n' +
    '    at process.processTicksAndRejections (node:internal/process/task_queues:103:5)'
}
Error: {
  message: 'This is a required system unit and cannot be deleted.',
  statusCode: 403,
  path: '/api/units/6963de2dd3b03b2a13f23a73',
  method: 'DELETE',
  stack: 'Error: This is a required system unit and cannot be deleted.\n' +
    '    at G:\\warehouse\\inventory-management-system\\Backend\\src\\controllers\\unitController.js:63:19\n' +
    '    at process.processTicksAndRejections (node:internal/process/task_queues:103:5)'
}
